// Jest Snapshot v1, https://goo.gl/fbAQLP

exports[`RequestForm matches a snapshot 1`] = `""`;
