// Jest Snapshot v1, https://goo.gl/fbAQLP

exports[`RequestHistory matches a snapshot 1`] = `
<section
  className="historyContainer"
>
  <h2>
    Request History
  </h2>
  <button
    onClick={[Function]}
  >
    Clear
  </button>
  <ul />
</section>
`;
